[2m10:50:52 PM[22m [31m[1m[vite][22m[39m [31mInternal server error: Failed to resolve import "./DesignStudioActivityPage" from "src/components/AppContent.tsx". Does the file exist?[39m
  Plugin: [35mvite:import-analysis[39m
  File: [36mC:/Users/Favour/Desktop/Projects/screndly/app/src/components/AppContent.tsx[39m:40:51
[33m  67 |  const DesignStudioPage = lazy(_c27 = () => import("./DesignStudioPage").then((m) => ({ default: m.default })));
  68 |  _c28 = DesignStudioPage;
  69 |  const DesignStudioActivityPage = lazy(_c29 = () => import("./DesignStudioActivityPage").then((m) => ({ default: m.DesignStudioActivityPage })));
     |                                                            ^
  70 |  _c30 = DesignStudioActivityPage;
  71 |  const PrivacyPage = lazy(_c31 = () => import("./PrivacyPage").then((m) => ({ default: m.PrivacyPage })));[39m
      at TransformPluginContext._formatLog (file:///C:/Users/Favour/Desktop/Projects/screndly/app/node_modules/vite/dist/node/chunks/dep-D4NMHUTW.js:42528:41)
      at TransformPluginContext.error (file:///C:/Users/Favour/Desktop/Projects/screndly/app/node_modules/vite/dist/node/chunks/dep-D4NMHUTW.js:42525:16)
      at normalizeUrl (file:///C:/Users/Favour/Desktop/Projects/screndly/app/node_modules/vite/dist/node/chunks/dep-D4NMHUTW.js:40504:23)
      at process.processTicksAndRejections (node:internal/process/task_queues:105:5)
      at async file:///C:/Users/Favour/Desktop/Projects/screndly/app/node_modules/vite/dist/node/chunks/dep-D4NMHUTW.js:40623:37
      at async Promise.all (index 36)
      at async TransformPluginContext.transform (file:///C:/Users/Favour/Desktop/Projects/screndly/app/node_modules/vite/dist/node/chunks/dep-D4NMHUTW.js:40550:7)
      at async EnvironmentPluginContainer.transform (file:///C:/Users/Favour/Desktop/Projects/screndly/app/node_modules/vite/dist/node/chunks/dep-D4NMHUTW.js:42323:18)
      at async loadAndTransform (file:///C:/Users/Favour/Desktop/Projects/screndly/app/node_modules/vite/dist/node/chunks/dep-D4NMHUTW.js:35739:27)
      at async viteTransformMiddleware (file:///C:/Users/Favour/Desktop/Projects/screndly/app/node_modules/vite/dist/node/chunks/dep-D4NMHUTW.js:37254:24)
[2m10:50:54 PM[22m [31m[1m[vite][22m[39m [31m[2m(client)[22m[39m Pre-transform error: Failed to resolve import "./DesignStudioActivityPage" from "src/components/AppContent.tsx". Does the file exist?
  Plugin: [35mvite:import-analysis[39m
  File: [36mC:/Users/Favour/Desktop/Projects/screndly/app/src/components/AppContent.tsx[39m:40:51
[33m  67 |  const DesignStudioPage = lazy(_c27 = () => import("./DesignStudioPage").then((m) => ({ default: m.default })));
  68 |  _c28 = DesignStudioPage;
  69 |  const DesignStudioActivityPage = lazy(_c29 = () => import("./DesignStudioActivityPage").then((m) => ({ default: m.DesignStudioActivityPage })));
     |                                                            ^
  70 |  _c30 = DesignStudioActivityPage;
  71 |  const PrivacyPage = lazy(_c31 = () => import("./PrivacyPage").then((m) => ({ default: m.PrivacyPage })));[39m
[2m10:50:54 PM[22m [31m[1m[vite][22m[39m [31mInternal server error: Failed to resolve import "./DesignStudioActivityPage" from "src/components/AppContent.tsx". Does the file exist?[39m
  Plugin: [35mvite:import-analysis[39m
  File: [36mC:/Users/Favour/Desktop/Projects/screndly/app/src/components/AppContent.tsx[39m:40:51
[33m  67 |  const DesignStudioPage = lazy(_c27 = () => import("./DesignStudioPage").then((m) => ({ default: m.default })));
  68 |  _c28 = DesignStudioPage;
  69 |  const DesignStudioActivityPage = lazy(_c29 = () => import("./DesignStudioActivityPage").then((m) => ({ default: m.DesignStudioActivityPage })));
     |                                                            ^
  70 |  _c30 = DesignStudioActivityPage;
  71 |  const PrivacyPage = lazy(_c31 = () => import("./PrivacyPage").then((m) => ({ default: m.PrivacyPage })));[39m
      at TransformPluginContext._formatLog (file:///C:/Users/Favour/Desktop/Projects/screndly/app/node_modules/vite/dist/node/chunks/dep-D4NMHUTW.js:42528:41)
      at TransformPluginContext.error (file:///C:/Users/Favour/Desktop/Projects/screndly/app/node_modules/vite/dist/node/chunks/dep-D4NMHUTW.js:42525:16)
      at normalizeUrl (file:///C:/Users/Favour/Desktop/Projects/screndly/app/node_modules/vite/dist/node/chunks/dep-D4NMHUTW.js:40504:23)
      at process.processTicksAndRejections (node:internal/process/task_queues:105:5)
      at async file:///C:/Users/Favour/Desktop/Projects/screndly/app/node_modules/vite/dist/node/chunks/dep-D4NMHUTW.js:40623:37
      at async Promise.all (index 36)
      at async TransformPluginContext.transform (file:///C:/Users/Favour/Desktop/Projects/screndly/app/node_modules/vite/dist/node/chunks/dep-D4NMHUTW.js:40550:7)
      at async EnvironmentPluginContainer.transform (file:///C:/Users/Favour/Desktop/Projects/screndly/app/node_modules/vite/dist/node/chunks/dep-D4NMHUTW.js:42323:18)
      at async loadAndTransform (file:///C:/Users/Favour/Desktop/Projects/screndly/app/node_modules/vite/dist/node/chunks/dep-D4NMHUTW.js:35739:27)
      at async viteTransformMiddleware (file:///C:/Users/Favour/Desktop/Projects/screndly/app/node_modules/vite/dist/node/chunks/dep-D4NMHUTW.js:37254:24)
[2m10:50:56 PM[22m [31m[1m[vite][22m[39m [31mInternal server error: Failed to resolve import "./DesignStudioActivityPage" from "src/components/AppContent.tsx". Does the file exist?[39m
  Plugin: [35mvite:import-analysis[39m
  File: [36mC:/Users/Favour/Desktop/Projects/screndly/app/src/components/AppContent.tsx[39m:40:51
[33m  67 |  const DesignStudioPage = lazy(_c27 = () => import("./DesignStudioPage").then((m) => ({ default: m.default })));
  68 |  _c28 = DesignStudioPage;
  69 |  const DesignStudioActivityPage = lazy(_c29 = () => import("./DesignStudioActivityPage").then((m) => ({ default: m.DesignStudioActivityPage })));
     |                                                            ^
  70 |  _c30 = DesignStudioActivityPage;
  71 |  const PrivacyPage = lazy(_c31 = () => import("./PrivacyPage").then((m) => ({ default: m.PrivacyPage })));[39m
      at TransformPluginContext._formatLog (file:///C:/Users/Favour/Desktop/Projects/screndly/app/node_modules/vite/dist/node/chunks/dep-D4NMHUTW.js:42528:41)
      at TransformPluginContext.error (file:///C:/Users/Favour/Desktop/Projects/screndly/app/node_modules/vite/dist/node/chunks/dep-D4NMHUTW.js:42525:16)
      at normalizeUrl (file:///C:/Users/Favour/Desktop/Projects/screndly/app/node_modules/vite/dist/node/chunks/dep-D4NMHUTW.js:40504:23)
      at process.processTicksAndRejections (node:internal/process/task_queues:105:5)
      at async file:///C:/Users/Favour/Desktop/Projects/screndly/app/node_modules/vite/dist/node/chunks/dep-D4NMHUTW.js:40623:37
      at async Promise.all (index 36)
      at async TransformPluginContext.transform (file:///C:/Users/Favour/Desktop/Projects/screndly/app/node_modules/vite/dist/node/chunks/dep-D4NMHUTW.js:40550:7)
      at async EnvironmentPluginContainer.transform (file:///C:/Users/Favour/Desktop/Projects/screndly/app/node_modules/vite/dist/node/chunks/dep-D4NMHUTW.js:42323:18)
      at async loadAndTransform (file:///C:/Users/Favour/Desktop/Projects/screndly/app/node_modules/vite/dist/node/chunks/dep-D4NMHUTW.js:35739:27)
      at async viteTransformMiddleware (file:///C:/Users/Favour/Desktop/Projects/screndly/app/node_modules/vite/dist/node/chunks/dep-D4NMHUTW.js:37254:24)
